<?xml version="1.0" encoding="UTF-8"?>
<TestRun id="883f97b1-8de6-4a75-86eb-f18c6a1b1e6e" name="JPerl@PEARLCLOUD 2011-09-27 20:55:22" runUser="PEARLCLOUD\JPerl" xmlns="http://microsoft.com/schemas/VisualStudio/TeamTest/2010">
  <TestSettings name="Local" id="632fa7af-9389-4c7a-8204-342adac6b902">
    <Description>These are default test settings for a local test run.</Description>
    <Deployment enabled="false" runDeploymentRoot="JPerl_PEARLCLOUD 2011-09-27 20_55_22">
      <DeploymentItem filename="C:\Program Files (x86)\Microsoft SDKs\RIA Services\v1.0\Toolkit\Libraries\Server\Microsoft.ServiceModel.DomainServices.Hosting.dll" />
      <DeploymentItem filename="C:\FoundOps\Agile5\Source-DEV\Common\FoundOps.Common\Bin\Debug\FoundOps.Common.dll" />
      <DeploymentItem filename="C:\FoundOps\Agile5\Source-DEV\Server\FoundOps.Server\bin\FoundOps.Server.dll" />
    </Deployment>
    <Execution>
      <TestTypeSpecific />
      <AgentRule name="Execution Agents">
      </AgentRule>
    </Execution>
  </TestSettings>
  <Times creation="2011-09-27T20:55:22.8148125-04:00" queuing="2011-09-27T20:55:23.1998345-04:00" start="2011-09-27T20:55:23.2378367-04:00" finish="2011-09-27T20:55:23.9198757-04:00" />
  <ResultSummary outcome="Completed">
    <Counters total="1" executed="1" passed="1" error="0" failed="0" timeout="0" aborted="0" inconclusive="0" passedButRunAborted="0" notRunnable="0" notExecuted="0" disconnected="0" warning="0" completed="0" inProgress="0" pending="0" />
  </ResultSummary>
  <TestDefinitions>
    <UnitTest name="CodedUITestMethod1" storage="c:\foundops\agile5\source-dev\server\foundops.server.tests\bin\debug\foundops.server.tests.dll" id="89482104-707d-bcaa-0dea-322780460fd5">
      <Execution id="bb1ba980-c04b-4178-80a9-69eb97af6390" />
      <TestMethod codeBase="C:/FoundOps/Agile5/Source-DEV/Server/FoundOps.Server.Tests/bin/Debug/FoundOps.Server.Tests.DLL" adapterTypeName="Microsoft.VisualStudio.TestTools.TestTypes.Unit.UnitTestAdapter, Microsoft.VisualStudio.QualityTools.Tips.UnitTest.Adapter, Version=10.0.0.0, Culture=neutral, PublicKeyToken=b03f5f7f11d50a3a" className="FoundOps.Server.Tests.SLClient.CodedUITest1, FoundOps.Server.Tests, Version=1.0.0.0, Culture=neutral, PublicKeyToken=null" name="CodedUITestMethod1" />
      <Extension>Microsoft.VisualStudio.TestTools.UITesting.CodedUITestAttribute, Microsoft.VisualStudio.QualityTools.CodedUITestFramework, Version=10.0.0.0, Culture=neutral, PublicKeyToken=b03f5f7f11d50a3a</Extension>
    </UnitTest>
  </TestDefinitions>
  <TestLists>
    <TestList name="Results Not in a List" id="8c84fa94-04c1-424b-9868-57a2d4851a1d" />
    <TestList name="All Loaded Results" id="19431567-8539-422a-85d7-44ee4e166bda" />
  </TestLists>
  <TestEntries>
    <TestEntry testId="89482104-707d-bcaa-0dea-322780460fd5" executionId="bb1ba980-c04b-4178-80a9-69eb97af6390" testListId="8c84fa94-04c1-424b-9868-57a2d4851a1d" />
  </TestEntries>
  <Results>
    <UnitTestResult executionId="bb1ba980-c04b-4178-80a9-69eb97af6390" testId="89482104-707d-bcaa-0dea-322780460fd5" testName="CodedUITestMethod1" computerName="PEARLCLOUD" duration="00:00:00.3560409" startTime="2011-09-27T20:55:23.2488373-04:00" endTime="2011-09-27T20:55:23.8958743-04:00" testType="13cdc9d9-ddb5-4fa4-a97d-d965ccfc6d4b" outcome="Passed" testListId="8c84fa94-04c1-424b-9868-57a2d4851a1d" relativeResultsDirectory="bb1ba980-c04b-4178-80a9-69eb97af6390">
      <Output>
        <DebugTrace>W, 500, 14, 2011/09/27, 20:55:23.786, 2356179949831, QTAgent32.exe, ExtensionFramework : A Technology Manager with name Web is already registered.
W, 500, 14, 2011/09/27, 20:55:23.882, 2356180248896, QTAgent32.exe, IEDOM : StopSession of the plugin called before StartSession
W, 500, 14, 2011/09/27, 20:55:23.882, 2356180249569, QTAgent32.exe, UIA : StopSession of the plugin called before StartSession
W, 500, 14, 2011/09/27, 20:55:23.883, 2356180252124, QTAgent32.exe, SLPlugin : StopSession of the plugin called before StartSession
</DebugTrace>
      </Output>
    </UnitTestResult>
  </Results>
</TestRun>